// Jest Snapshot v1, https://goo.gl/fbAQLP

exports[`renders header index content 1`] = `
<DocumentFragment>
  <div
    class="content"
  >
    <ul
      class="teams"
    />
    <div
      class="page"
    >
      <div
        class="empty"
      >
        <p>
          Il n'y a aucune publication pour le moment.
        </p>
      </div>
    </div>
  </div>
</DocumentFragment>
`;
