// Vitest Snapshot v1, https://vitest.dev/guide/snapshot.html

exports[`Page 1`] = `
<div>
  <main>
    <section>
      <h2
        class="fr-h2"
      >
        Nombre de publications par semaine
      </h2>
      <div
        class="h-96 relative mb-12"
      >
        <canvas
          height="150"
          role="img"
          width="300"
        />
      </div>
    </section>
    <section>
      <h2
        class="fr-h2"
      >
        Statuts des produits
      </h2>
      <div
        class="fr-table fr-table--layout-fixed fr-table--no-caption"
        id="fr-table-:r0:"
      >
        <table>
          <thead>
            <tr>
              <th
                scope="col"
              >
                Produit
              </th>
              <th
                scope="col"
              >
                État d'esprit
              </th>
              <th
                scope="col"
              >
                Dernière publication
              </th>
              <th
                scope="col"
              >
                Nombre de KPIs
              </th>
            </tr>
          </thead>
          <tbody>
            <tr>
              <td>
                archifiltre
              </td>
              <td>
                average
              </td>
              <td>
                14-12-2023
              </td>
              <td>
                4
              </td>
            </tr>
            <tr>
              <td>
                bpco
              </td>
              <td>
                good
              </td>
              <td>
                07-03-2023
              </td>
              <td>
                3
              </td>
            </tr>
            <tr>
              <td>
                bpco-mieux
              </td>
              <td>
                average
              </td>
              <td>
                14-12-2023
              </td>
              <td>
                2
              </td>
            </tr>
            <tr>
              <td>
                carnet-de-bord
              </td>
              <td>
                good
              </td>
              <td>
                07-12-2021
              </td>
              <td>
                3
              </td>
            </tr>
            <tr>
              <td>
                causes-medicales-de-deces
              </td>
              <td>
                average
              </td>
              <td>
                06-06-2023
              </td>
              <td>
                1
              </td>
            </tr>
            <tr>
              <td>
                code-du-travail
              </td>
              <td>
                good
              </td>
              <td>
                14-12-2023
              </td>
              <td>
                3
              </td>
            </tr>
            <tr>
              <td>
                covid-19
              </td>
              <td>
                average
              </td>
              <td>
                05-01-2021
              </td>
              <td>
                1
              </td>
            </tr>
            <tr>
              <td>
                dashlord
              </td>
              <td>
                average
              </td>
              <td>
                29-03-2022
              </td>
              <td>
                1
              </td>
            </tr>
            <tr>
              <td>
                data-dgt
              </td>
              <td>
                average
              </td>
              <td>
                15-12-2020
              </td>
              <td>
                1
              </td>
            </tr>
            <tr>
              <td>
                didoc
              </td>
              <td>
                average
              </td>
              <td>
                19-10-2021
              </td>
              <td>
                1
              </td>
            </tr>
            <tr>
              <td>
                diversite
              </td>
              <td>
                average
              </td>
              <td>
                10-05-2021
              </td>
              <td>
                2
              </td>
            </tr>
          </tbody>
        </table>
      </div>
    </section>
  </main>
</div>
`;
