// Vitest Snapshot v1, https://vitest.dev/guide/snapshot.html

exports[`Component 1`] = `
<div>
  <nav
    aria-labelledby="fr-sidemenu-:r0:-title"
    class="fr-sidemenu fr-sidemenu--sticky"
    id="fr-sidemenu-:r0:"
  >
    <div
      class="fr-sidemenu__inner"
    >
      <button
        aria-controls="fr-sidemenu-:r0:-collapse"
        aria-expanded="false"
        class="fr-sidemenu__btn"
        hidden=""
      >
        Liste des startups
      </button>
      <div
        class="fr-collapse"
        id="fr-sidemenu-:r0:-collapse"
      >
        <div
          class="fr-sidemenu__title"
          id="fr-sidemenu-:r0:-title"
        >
          Les startups de la Fabrique
        </div>
        <ul
          class="fr-sidemenu__list"
        >
          <li
            class="fr-sidemenu__item"
          >
            <a
              class="fr-sidemenu__link"
              href="/posts/appel-a-idees-fabrique-numerique"
              target="_self"
            >
              Appel à idées Fabrique Numérique
            </a>
          </li>
          <li
            class="fr-sidemenu__item"
          >
            <a
              class="fr-sidemenu__link"
              href="/posts/archifiltre"
              target="_self"
            >
              Archifiltre
            </a>
          </li>
          <li
            class="fr-sidemenu__item"
          >
            <a
              class="fr-sidemenu__link"
              href="/posts/bpco-mieux"
              target="_self"
            >
              BPCO Mieux
            </a>
          </li>
          <li
            class="fr-sidemenu__item"
          >
            <a
              class="fr-sidemenu__link"
              href="/posts/carnet-de-bord"
              target="_self"
            >
              Carnet de bord
            </a>
          </li>
          <li
            class="fr-sidemenu__item"
          >
            <a
              class="fr-sidemenu__link"
              href="/posts/carnets"
              target="_self"
            >
              carnets
            </a>
          </li>
          <li
            class="fr-sidemenu__item"
          >
            <a
              class="fr-sidemenu__link"
              href="/posts/carte-jeune-engage"
              target="_self"
            >
              carte-jeune-engage
            </a>
          </li>
          <li
            class="fr-sidemenu__item"
          >
            <a
              class="fr-sidemenu__link"
              href="/posts/causes-medicales-de-deces"
              target="_self"
            >
              Causes médicales de décès
            </a>
          </li>
          <li
            class="fr-sidemenu__item"
          >
            <a
              class="fr-sidemenu__link"
              href="/posts/code-du-travail"
              target="_self"
            >
              Code du travail
            </a>
          </li>
          <li
            class="fr-sidemenu__item"
          >
            <a
              aria-current="page"
              class="fr-sidemenu__link"
              href="/posts/domifa"
              target="_self"
            >
              DomiFa
            </a>
          </li>
          <li
            class="fr-sidemenu__item"
          >
            <a
              class="fr-sidemenu__link"
              href="/posts/dora"
              target="_self"
            >
              Dora
            </a>
          </li>
          <li
            class="fr-sidemenu__item"
          >
            <a
              class="fr-sidemenu__link"
              href="/posts/egapro"
              target="_self"
            >
              EgaPro
            </a>
          </li>
          <li
            class="fr-sidemenu__item"
          >
            <a
              class="fr-sidemenu__link"
              href="/posts/emjpm"
              target="_self"
            >
              eMJPM
            </a>
          </li>
          <li
            class="fr-sidemenu__item"
          >
            <a
              class="fr-sidemenu__link"
              href="/posts/enfants-du-spectacle"
              target="_self"
            >
              Enfants du spectacle
            </a>
          </li>
          <li
            class="fr-sidemenu__item"
          >
            <a
              class="fr-sidemenu__link"
              href="/posts/fabrique"
              target="_self"
            >
              Fabrique
            </a>
          </li>
          <li
            class="fr-sidemenu__item"
          >
            <a
              class="fr-sidemenu__link"
              href="/posts/fce"
              target="_self"
            >
              FCE
            </a>
          </li>
          <li
            class="fr-sidemenu__item"
          >
            <a
              class="fr-sidemenu__link"
              href="/posts/jardinmental"
              target="_self"
            >
              JardinMental
            </a>
          </li>
          <li
            class="fr-sidemenu__item"
          >
            <a
              class="fr-sidemenu__link"
              href="/posts/maison-de-l-autisme"
              target="_self"
            >
              Maison de l'Autisme
            </a>
          </li>
          <li
            class="fr-sidemenu__item"
          >
            <a
              class="fr-sidemenu__link"
              href="/posts/mano"
              target="_self"
            >
              MANO
            </a>
          </li>
          <li
            class="fr-sidemenu__item"
          >
            <a
              class="fr-sidemenu__link"
              href="/posts/monpsy"
              target="_self"
            >
              MonPsy
            </a>
          </li>
          <li
            class="fr-sidemenu__item"
          >
            <a
              class="fr-sidemenu__link"
              href="/posts/nata"
              target="_self"
            >
              NATA
            </a>
          </li>
          <li
            class="fr-sidemenu__item"
          >
            <a
              class="fr-sidemenu__link"
              href="/posts/nos1000jours"
              target="_self"
            >
              nos1000jours
            </a>
          </li>
          <li
            class="fr-sidemenu__item"
          >
            <a
              class="fr-sidemenu__link"
              href="/posts/ops"
              target="_self"
            >
              OPS
            </a>
          </li>
          <li
            class="fr-sidemenu__item"
          >
            <a
              class="fr-sidemenu__link"
              href="/posts/oz-ensemble"
              target="_self"
            >
              Oz ensemble
            </a>
          </li>
          <li
            class="fr-sidemenu__item"
          >
            <a
              class="fr-sidemenu__link"
              href="/posts/pass-emploi"
              target="_self"
            >
              Pass-Emploi
            </a>
          </li>
          <li
            class="fr-sidemenu__item"
          >
            <a
              class="fr-sidemenu__link"
              href="/posts/rancher-debug"
              target="_self"
            >
              rancher-debug
            </a>
          </li>
          <li
            class="fr-sidemenu__item"
          >
            <a
              class="fr-sidemenu__link"
              href="/posts/recosante"
              target="_self"
            >
              recosante
            </a>
          </li>
          <li
            class="fr-sidemenu__item"
          >
            <a
              class="fr-sidemenu__link"
              href="/posts/ressourcerie"
              target="_self"
            >
              Ressourcerie
            </a>
          </li>
          <li
            class="fr-sidemenu__item"
          >
            <a
              class="fr-sidemenu__link"
              href="/posts/reva"
              target="_self"
            >
              Reva
            </a>
          </li>
          <li
            class="fr-sidemenu__item"
          >
            <a
              class="fr-sidemenu__link"
              href="/posts/sample-next-app"
              target="_self"
            >
              sample-next-app
            </a>
          </li>
          <li
            class="fr-sidemenu__item"
          >
            <a
              class="fr-sidemenu__link"
              href="/posts/sandbox"
              target="_self"
            >
              Sandbox
            </a>
          </li>
          <li
            class="fr-sidemenu__item"
          >
            <a
              class="fr-sidemenu__link"
              href="/posts/secretariat"
              target="_self"
            >
              Secretariat
            </a>
          </li>
          <li
            class="fr-sidemenu__item"
          >
            <a
              class="fr-sidemenu__link"
              href="/posts/sre"
              target="_self"
            >
              SRE
            </a>
          </li>
          <li
            class="fr-sidemenu__item"
          >
            <a
              class="fr-sidemenu__link"
              href="/posts/startup-bootstrap"
              target="_self"
            >
              startup-bootstrap
            </a>
          </li>
          <li
            class="fr-sidemenu__item"
          >
            <a
              class="fr-sidemenu__link"
              href="/posts/team-test-bootstrap"
              target="_self"
            >
              team-test-bootstrap
            </a>
          </li>
          <li
            class="fr-sidemenu__item"
          >
            <a
              class="fr-sidemenu__link"
              href="/posts/test"
              target="_self"
            >
              test
            </a>
          </li>
          <li
            class="fr-sidemenu__item"
          >
            <a
              class="fr-sidemenu__link"
              href="/posts/tooling"
              target="_self"
            >
              Tooling
            </a>
          </li>
          <li
            class="fr-sidemenu__item"
          >
            <a
              class="fr-sidemenu__link"
              href="/posts/transition-collective"
              target="_self"
            >
              transition-collective
            </a>
          </li>
          <li
            class="fr-sidemenu__item"
          >
            <a
              class="fr-sidemenu__link"
              href="/posts/tumeplay"
              target="_self"
            >
              TuMePlay
            </a>
          </li>
          <li
            class="fr-sidemenu__item"
          >
            <a
              class="fr-sidemenu__link"
              href="/posts/vao"
              target="_self"
            >
              VAO
            </a>
          </li>
        </ul>
      </div>
    </div>
  </nav>
</div>
`;
